// Jest Snapshot v1, https://goo.gl/fbAQLP

exports[`components index Home 1`] = `[Function]`;

exports[`components index Join 1`] = `[Function]`;

exports[`components index JoinForm 1`] = `
Object {
  "$$typeof": Symbol(react.forward_ref),
  "defaultProps": Object {
    "destroyOnUnmount": true,
    "enableReinitialize": false,
    "forceUnregisterOnUnmount": false,
    "form": "joinForm",
    "getFormState": [Function],
    "keepDirtyOnReinitialize": false,
    "persistentSubmitErrors": false,
    "pure": true,
    "shouldAsyncValidate": [Function],
    "shouldError": [Function],
    "shouldValidate": [Function],
    "shouldWarn": [Function],
    "touchOnBlur": true,
    "touchOnChange": false,
    "updateUnregisteredFields": false,
  },
  "displayName": "ReduxForm",
  "render": [Function],
}
`;

exports[`components index Login 1`] = `[Function]`;

exports[`components index LoginForm 1`] = `[Function]`;

exports[`components index Menu 1`] = `[Function]`;
